// Jest Snapshot v1, https://goo.gl/fbAQLP

exports[`ForecastItem Component should render forecast item 1`] = `
<div>
  <div
    class="col"
  >
    <div
      class="card"
    >
      <img
        class="card-img-top card-image"
        src="https://www.metaweather.com/static/img/weather/png/icon.png"
      />
      <div
        class="card-body"
      >
        <div
          class="card-title h5"
        >
          Monday
        </div>
        <p
          class="card-text"
        >
          Min temp: 
          18
        </p>
        <p
          class="card-text"
        >
          Max temp: 
          20
        </p>
      </div>
    </div>
  </div>
</div>
`;
